2026-08-04 11:06:12.988: [INFO] OnDoneLoading sync enabled: 0
2026-08-04 11:14:36.223: [INFO] OnDoneLoading sync enabled: 0
2026-08-04 11:15:21.560: [INFO] OnDoneLoading sync enabled: 0
2026-08-13 10:54:25.068: [INFO] CurrentProfilePath: C:\Users\Aluno\Desktop\eloisa\.metadata\.plugins\org.eclipse.swt\EBWebView\Default
2026-08-13 10:54:25.068: [INFO] Profiles total count: 1
2026-08-13 10:54:25.068: [INFO] Profile: name=Perfil 1 path=C:\Users\Aluno\Desktop\eloisa\.metadata\.plugins\org.eclipse.swt\EBWebView\Default lastActive=null
2026-08-13 10:54:25.068: [INFO] LastUsedProfileDir: C:\Users\Aluno\Desktop\eloisa\.metadata\.plugins\org.eclipse.swt\EBWebView\Default
2026-08-13 10:54:25.068: [INFO] OnDoneLoading sync enabled: 0
2026-08-13 10:54:25.068: [INFO] BookmarkModelLoaded, ids_reassigned: 0
2026-08-13 10:54:25.068: [INFO] BookmarksLoadDropped droppedNodes=0
2026-08-13 10:54:25.068: [INFO] BookmarksSnapshot Startup total=0 bar=0 other=0 mobile=0 showBar=0 showBarNTP=1
2026-08-13 10:54:28.708: [INFO] BookmarksSnapshot Shutdown total=0 bar=0 other=0 mobile=0 showBar=0 showBarNTP=1
2026-08-13 10:54:29.944: [INFO] CurrentProfilePath: C:\Users\Aluno\Desktop\eloisa\.metadata\.plugins\org.eclipse.swt\EBWebView\Default
2026-08-13 10:54:29.944: [INFO] Profiles total count: 1
2026-08-13 10:54:29.944: [INFO] Profile: name=Perfil 1 path=C:\Users\Aluno\Desktop\eloisa\.metadata\.plugins\org.eclipse.swt\EBWebView\Default lastActive=null
2026-08-13 10:54:29.944: [INFO] LastUsedProfileDir: C:\Users\Aluno\Desktop\eloisa\.metadata\.plugins\org.eclipse.swt\EBWebView\Default
2026-08-13 10:54:29.944: [INFO] OnDoneLoading sync enabled: 0
2026-08-13 10:54:29.944: [INFO] BookmarkModelLoaded, ids_reassigned: 0
2026-08-13 10:54:29.944: [INFO] BookmarksLoadDropped droppedNodes=0
2026-08-13 10:54:29.944: [INFO] BookmarksSnapshot Startup total=0 bar=0 other=0 mobile=0 showBar=0 showBarNTP=1
2026-08-13 10:54:34.880: [INFO] BookmarksSnapshot Shutdown total=0 bar=0 other=0 mobile=0 showBar=0 showBarNTP=1
2026-08-13 11:01:21.185: [INFO] CurrentProfilePath: C:\Users\Aluno\Desktop\eloisa\.metadata\.plugins\org.eclipse.swt\EBWebView\Default
2026-08-13 11:01:21.185: [INFO] Profiles total count: 1
2026-08-13 11:01:21.185: [INFO] Profile: name=Perfil 1 path=C:\Users\Aluno\Desktop\eloisa\.metadata\.plugins\org.eclipse.swt\EBWebView\Default lastActive=null
2026-08-13 11:01:21.185: [INFO] LastUsedProfileDir: C:\Users\Aluno\Desktop\eloisa\.metadata\.plugins\org.eclipse.swt\EBWebView\Default
2026-08-13 11:01:21.185: [INFO] OnDoneLoading sync enabled: 0
2026-08-13 11:01:21.185: [INFO] BookmarkModelLoaded, ids_reassigned: 0
2026-08-13 11:01:21.185: [INFO] BookmarksLoadDropped droppedNodes=0
2026-08-13 11:01:21.185: [INFO] BookmarksSnapshot Startup total=0 bar=0 other=0 mobile=0 showBar=0 showBarNTP=1
2026-08-13 11:01:59.797: [INFO] BookmarksSnapshot Shutdown total=0 bar=0 other=0 mobile=0 showBar=0 showBarNTP=1
2026-08-13 11:09:38.564: [INFO] CurrentProfilePath: C:\Users\Aluno\Desktop\eloisa\.metadata\.plugins\org.eclipse.swt\EBWebView\Default
2026-08-13 11:09:38.564: [INFO] Profiles total count: 1
2026-08-13 11:09:38.564: [INFO] Profile: name=Perfil 1 path=C:\Users\Aluno\Desktop\eloisa\.metadata\.plugins\org.eclipse.swt\EBWebView\Default lastActive=null
2026-08-13 11:09:38.564: [INFO] LastUsedProfileDir: C:\Users\Aluno\Desktop\eloisa\.metadata\.plugins\org.eclipse.swt\EBWebView\Default
2026-08-13 11:09:38.564: [INFO] OnDoneLoading sync enabled: 0
2026-08-13 11:09:38.564: [INFO] BookmarkModelLoaded, ids_reassigned: 0
2026-08-13 11:09:38.564: [INFO] BookmarksLoadDropped droppedNodes=0
2026-08-13 11:09:38.564: [INFO] BookmarksSnapshot Startup total=0 bar=0 other=0 mobile=0 showBar=0 showBarNTP=1
2026-08-13 11:09:42.748: [INFO] BookmarksSnapshot Shutdown total=0 bar=0 other=0 mobile=0 showBar=0 showBarNTP=1
2026-08-13 11:19:54.890: [INFO] CurrentProfilePath: C:\Users\Aluno\Desktop\eloisa\.metadata\.plugins\org.eclipse.swt\EBWebView\Default
2026-08-13 11:19:54.890: [INFO] Profiles total count: 1
2026-08-13 11:19:54.890: [INFO] Profile: name=Perfil 1 path=C:\Users\Aluno\Desktop\eloisa\.metadata\.plugins\org.eclipse.swt\EBWebView\Default lastActive=null
2026-08-13 11:19:54.890: [INFO] LastUsedProfileDir: C:\Users\Aluno\Desktop\eloisa\.metadata\.plugins\org.eclipse.swt\EBWebView\Default
2026-08-13 11:19:54.890: [INFO] OnDoneLoading sync enabled: 0
2026-08-13 11:19:54.890: [INFO] BookmarkModelLoaded, ids_reassigned: 0
2026-08-13 11:19:54.890: [INFO] BookmarksLoadDropped droppedNodes=0
2026-08-13 11:19:54.890: [INFO] BookmarksSnapshot Startup total=0 bar=0 other=0 mobile=0 showBar=0 showBarNTP=1
2026-08-13 11:21:33.076: [INFO] BookmarksSnapshot Shutdown total=0 bar=0 other=0 mobile=0 showBar=0 showBarNTP=1
2026-08-13 11:21:59.840: [INFO] CurrentProfilePath: C:\Users\Aluno\Desktop\eloisa\.metadata\.plugins\org.eclipse.swt\EBWebView\Default
2026-08-13 11:21:59.840: [INFO] Profiles total count: 1
2026-08-13 11:21:59.840: [INFO] Profile: name=Perfil 1 path=C:\Users\Aluno\Desktop\eloisa\.metadata\.plugins\org.eclipse.swt\EBWebView\Default lastActive=null
2026-08-13 11:21:59.840: [INFO] LastUsedProfileDir: C:\Users\Aluno\Desktop\eloisa\.metadata\.plugins\org.eclipse.swt\EBWebView\Default
2026-08-13 11:21:59.840: [INFO] OnDoneLoading sync enabled: 0
2026-08-13 11:21:59.840: [INFO] BookmarkModelLoaded, ids_reassigned: 0
2026-08-13 11:21:59.840: [INFO] BookmarksLoadDropped droppedNodes=0
2026-08-13 11:21:59.840: [INFO] BookmarksSnapshot Startup total=0 bar=0 other=0 mobile=0 showBar=0 showBarNTP=1
2026-08-13 11:22:07.150: [INFO] BookmarksSnapshot Shutdown total=0 bar=0 other=0 mobile=0 showBar=0 showBarNTP=1
2026-08-20 10:53:03.740: [INFO] CurrentProfilePath: C:\Users\Aluno\Desktop\eloisa\.metadata\.plugins\org.eclipse.swt\EBWebView\Default
2026-08-20 10:53:03.740: [INFO] Profiles total count: 1
2026-08-20 10:53:03.740: [INFO] Profile: name=Perfil 1 path=C:\Users\Aluno\Desktop\eloisa\.metadata\.plugins\org.eclipse.swt\EBWebView\Default lastActive=null
2026-08-20 10:53:03.740: [INFO] LastUsedProfileDir: C:\Users\Aluno\Desktop\eloisa\.metadata\.plugins\org.eclipse.swt\EBWebView\Default
2026-08-20 10:53:03.740: [INFO] OnDoneLoading sync enabled: 0
2026-08-20 10:53:03.740: [INFO] BookmarkModelLoaded, ids_reassigned: 0
2026-08-20 10:53:03.740: [INFO] BookmarksLoadDropped droppedNodes=0
2026-08-20 10:53:03.740: [INFO] BookmarksSnapshot Startup total=0 bar=0 other=0 mobile=0 showBar=0 showBarNTP=1
2026-08-20 10:53:08.561: [INFO] BookmarksSnapshot Shutdown total=0 bar=0 other=0 mobile=0 showBar=0 showBarNTP=1
2026-08-20 10:53:39.578: [INFO] CurrentProfilePath: C:\Users\Aluno\Desktop\eloisa\.metadata\.plugins\org.eclipse.swt\EBWebView\Default
2026-08-20 10:53:39.578: [INFO] Profiles total count: 1
2026-08-20 10:53:39.578: [INFO] Profile: name=Perfil 1 path=C:\Users\Aluno\Desktop\eloisa\.metadata\.plugins\org.eclipse.swt\EBWebView\Default lastActive=null
2026-08-20 10:53:39.578: [INFO] LastUsedProfileDir: C:\Users\Aluno\Desktop\eloisa\.metadata\.plugins\org.eclipse.swt\EBWebView\Default
2026-08-20 10:53:39.578: [INFO] OnDoneLoading sync enabled: 0
2026-08-20 10:53:39.578: [INFO] BookmarkModelLoaded, ids_reassigned: 0
2026-08-20 10:53:39.578: [INFO] BookmarksLoadDropped droppedNodes=0
2026-08-20 10:53:39.578: [INFO] BookmarksSnapshot Startup total=0 bar=0 other=0 mobile=0 showBar=0 showBarNTP=1
2026-08-20 11:31:51.816: [INFO] CurrentProfilePath: C:\Users\Aluno\Desktop\eloisa\.metadata\.plugins\org.eclipse.swt\EBWebView\Default
2026-08-20 11:31:51.816: [INFO] Profiles total count: 1
2026-08-20 11:31:51.816: [INFO] Profile: name=Perfil 1 path=C:\Users\Aluno\Desktop\eloisa\.metadata\.plugins\org.eclipse.swt\EBWebView\Default lastActive=null
2026-08-20 11:31:51.816: [INFO] LastUsedProfileDir: C:\Users\Aluno\Desktop\eloisa\.metadata\.plugins\org.eclipse.swt\EBWebView\Default
2026-08-20 11:31:51.816: [INFO] OnDoneLoading sync enabled: 0
2026-08-20 11:31:51.816: [INFO] BookmarkModelLoaded, ids_reassigned: 0
2026-08-20 11:31:51.816: [INFO] BookmarksLoadDropped droppedNodes=0
2026-08-20 11:31:51.816: [INFO] BookmarksSnapshot Startup total=0 bar=0 other=0 mobile=0 showBar=0 showBarNTP=1
2026-08-20 11:32:04.291: [INFO] BookmarksSnapshot Shutdown total=0 bar=0 other=0 mobile=0 showBar=0 showBarNTP=1
2026-08-20 11:40:14.915: [INFO] CurrentProfilePath: C:\Users\Aluno\Desktop\eloisa\.metadata\.plugins\org.eclipse.swt\EBWebView\Default
2026-08-20 11:40:14.915: [INFO] Profiles total count: 1
2026-08-20 11:40:14.915: [INFO] Profile: name=Perfil 1 path=C:\Users\Aluno\Desktop\eloisa\.metadata\.plugins\org.eclipse.swt\EBWebView\Default lastActive=null
2026-08-20 11:40:14.915: [INFO] LastUsedProfileDir: C:\Users\Aluno\Desktop\eloisa\.metadata\.plugins\org.eclipse.swt\EBWebView\Default
2026-08-20 11:40:14.915: [INFO] OnDoneLoading sync enabled: 0
2026-08-20 11:40:14.915: [INFO] BookmarkModelLoaded, ids_reassigned: 0
2026-08-20 11:40:14.915: [INFO] BookmarksLoadDropped droppedNodes=0
2026-08-20 11:40:14.915: [INFO] BookmarksSnapshot Startup total=0 bar=0 other=0 mobile=0 showBar=0 showBarNTP=1
2026-08-20 12:06:28.992: [INFO] BookmarksSnapshot Shutdown total=0 bar=0 other=0 mobile=0 showBar=0 showBarNTP=1
2026-08-25 10:38:34.037: [INFO] CurrentProfilePath: C:\Users\Aluno\Desktop\eloisa\.metadata\.plugins\org.eclipse.swt\EBWebView\Default
2026-08-25 10:38:34.037: [INFO] Profiles total count: 1
2026-08-25 10:38:34.037: [INFO] Profile: name=Perfil 1 path=C:\Users\Aluno\Desktop\eloisa\.metadata\.plugins\org.eclipse.swt\EBWebView\Default lastActive=null
2026-08-25 10:38:34.037: [INFO] LastUsedProfileDir: C:\Users\Aluno\Desktop\eloisa\.metadata\.plugins\org.eclipse.swt\EBWebView\Default
2026-08-25 10:38:34.037: [INFO] OnDoneLoading sync enabled: 0
2026-08-25 10:38:34.037: [INFO] BookmarkModelLoaded, ids_reassigned: 0
2026-08-25 10:38:34.037: [INFO] BookmarksLoadDropped droppedNodes=0
2026-08-25 10:38:34.037: [INFO] BookmarksSnapshot Startup total=0 bar=0 other=0 mobile=0 showBar=0 showBarNTP=1
